<html>
<body>
<pre>
<h1>µVision Build Log</h1>
<h2>Project:</h2>
C:\Users\b37811\Desktop\kl02-frdm-demo\build\keil\platinum\platinum.uvproj
Project File Date:  02/05/2013

<h2>Output:</h2>
Rebuild target 'KL02Z32-Flash'
compiling platinum.c...
..\..\..\src\projects\platinum\platinum.c(22): warning:  #1-D: last line of file ends without a newline
assembling startup_MKL02Z4.s...
compiling uif.c...
..\..\..\src\common\uif.c(162): warning:  #1293-D: assignment in condition
compiling alloc.c...
compiling assert.c...
compiling io.c...
compiling memtest.c...
compiling queue.c...
compiling stdlib.c...
compiling nmi_isr_handler.c...
compiling start.c...
compiling sysinit.c...
compiling arm_cm0.c...
compiling lptmr.c...
compiling mcg.c...
..\..\..\src\drivers\mcg\mcg.c(1598): warning: C4017W: fll_freq_hz may be used before being set
compiling uart.c...
compiling rcm.c...
compiling Retarget.c...
compiling Serial.c...
linking...
Program Size: Code=8372 RO-data=32 RW-data=24 ZI-data=1024  
User command #1: fromelf --m32combined --output=outfile.s19  platinum_Flash.axf
"platinum_Flash.axf" - 0 Error(s), 3 Warning(s).
